// Jest Snapshot v1, https://goo.gl/fbAQLP

exports[`TransportLogRow renders correctly 1`] = `
<View
  style={
    {
      "borderBottomColor": "white",
      "borderBottomWidth": 5,
    }
  }
>
  <View
    accessibilityState={
      {
        "busy": undefined,
        "checked": undefined,
        "disabled": undefined,
        "expanded": undefined,
        "selected": undefined,
      }
    }
    accessibilityValue={
      {
        "max": undefined,
        "min": undefined,
        "now": undefined,
        "text": undefined,
      }
    }
    accessible={true}
    collapsable={false}
    focusable={true}
    onClick={[Function]}
    onResponderGrant={[Function]}
    onResponderMove={[Function]}
    onResponderRelease={[Function]}
    onResponderTerminate={[Function]}
    onResponderTerminationRequest={[Function]}
    onStartShouldSetResponder={[Function]}
    style={
      {
        "alignItems": "center",
        "backgroundColor": null,
        "flex": 1,
        "flexDirection": "row",
        "justifyContent": "space-between",
        "opacity": 1,
        "paddingHorizontal": 15,
        "paddingVertical": 15,
      }
    }
  >
    <Text
      style={
        {
          "width": "33%",
        }
      }
    />
    <Text
      style={
        {
          "textAlign": "center",
          "width": "33%",
        }
      }
    >
      00:00
    </Text>
    <Text
      style={
        {
          "textAlign": "right",
          "width": "33%",
        }
      }
    >
      No
    </Text>
  </View>
</View>
`;
